Running 'texi2dvi' on 'ExtendingGenomicRanges.tex' failed.
LaTeX errors:
! LaTeX Error: File `beramono.sty' not found.

Type X to quit or <RETURN> to proceed,
or enter new name. (Default extension: sty)

! Emergency stop.
<read *> 
         
l.94 \RequirePackage
                    [T1]{fontenc}^^M
!  ==> Fatal error occurred, no output PDF file produced!
Output:
This is pdfTeX, Version 3.141592653-2.6-1.40.26 (TeX Live 2024) (preloaded format=pdflatex)
 restricted \write18 enabled.
entering extended mode
LaTeX2e <2024-06-01> patch level 2
L3 programming layer <2024-09-10>
(./ExtendingGenomicRanges.tex (/Users/runner/Library/TinyTeX/texmf-dist/tex/latex/base/article.cls
Document Class: article 2024/02/08 v1.4n Standard LaTeX document class
(/Users/runner/Library/TinyTeX/texmf-dist/tex/latex/base/size10.clo)) (/Users/runner/Library/TinyTeX/texmf-dist/tex/latex/natbib/natbib.sty) (/Users/runner/work/_temp/Library/BiocStyle/resources/tex/Bioconductor.sty

LaTeX Warning: You have requested package `/Users/runner/work/_temp/Library/BiocStyle/resources/tex/Bioconductor',
               but the package provides `Bioconductor'.

(/Users/runner/Library/TinyTeX/texmf-dist/tex/latex/base/ifthen.sty) (/Users/runner/Library/TinyTeX/texmf-dist/tex/latex/xcolor/xcolor.sty (/Users/runner/Library/TinyTeX/texmf-dist/tex/latex/graphics-cfg/color.cfg) (/Users/runner/Library/TinyTeX/texmf-dist/tex/latex/graphics-def/pdftex.def) (/Users/runner/Library/TinyTeX/texmf-dist/tex/latex/graphics/mathcolor.ltx)) (/Users/runner/Library/TinyTeX/texmf-dist/tex/latex/hyperref/hyperref.sty (/Users/runner/Library/TinyTeX/texmf-dist/tex/generic/iftex/iftex.sty) (/Users/runner/Library/TinyTeX/texmf-dist/tex/latex/graphics/keyval.sty) (/Users/runner/Library/TinyTeX/texmf-dist/tex/latex/kvsetkeys/kvsetkeys.sty) (/Users/runner/Library/TinyTeX/texmf-dist/tex/generic/kvdefinekeys/kvdefinekeys.sty) (/Users/runner/Library/TinyTeX/texmf-dist/tex/generic/pdfescape/pdfescape.sty (/Users/runner/Library/TinyTeX/texmf-dist/tex/generic/ltxcmds/ltxcmds.sty) (/Users/runner/Library/TinyTeX/texmf-dist/tex/generic/pdftexcmds/pdftexcmds.sty (/Users/runner/Library/TinyTeX/texmf-dist/tex/generic/infwarerr/infwarerr.sty))) (/Users/runner/Library/TinyTeX/texmf-dist/tex/latex/hycolor/hycolor.sty) (/Users/runner/Library/TinyTeX/texmf-dist/tex/latex/hyperref/nameref.sty (/Users/runner/Library/TinyTeX/texmf-dist/tex/latex/refcount/refcount.sty) (/Users/runner/Library/TinyTeX/texmf-dist/tex/generic/gettitlestring/gettitlestring.sty (/Users/runner/Library/TinyTeX/texmf-dist/tex/latex/kvoptions/kvoptions.sty))) (/Users/runner/Library/TinyTeX/texmf-dist/tex/latex/etoolbox/etoolbox.sty) (/Users/runner/Library/TinyTeX/texmf-dist/tex/generic/stringenc/stringenc.sty) (/Users/runner/Library/TinyTeX/texmf-dist/tex/latex/hyperref/pd1enc.def) (/Users/runner/Library/TinyTeX/texmf-dist/tex/generic/intcalc/intcalc.sty) (/Users/runner/Library/TinyTeX/texmf-dist/tex/latex/hyperref/puenc.def) (/Users/runner/Library/TinyTeX/texmf-dist/tex/latex/url/url.sty) (/Users/runner/Library/TinyTeX/texmf-dist/tex/generic/bitset/bitset.sty (/Users/runner/Library/TinyTeX/texmf-dist/tex/generic/bigintcalc/bigintcalc.sty)) (/Users/runner/Library/TinyTeX/texmf-dist/tex/latex/base/atbegshi-ltx.sty)) (/Users/runner/Library/TinyTeX/texmf-dist/tex/latex/hyperref/hpdftex.def (/Users/runner/Library/TinyTeX/texmf-dist/tex/latex/base/atveryend-ltx.sty) (/Users/runner/Library/TinyTeX/texmf-dist/tex/latex/rerunfilecheck/rerunfilecheck.sty (/Users/runner/Library/TinyTeX/texmf-dist/tex/generic/uniquecounter/uniquecounter.sty))) (/Users/runner/Library/TinyTeX/texmf-dist/tex/latex/geometry/geometry.sty (/Users/runner/Library/TinyTeX/texmf-dist/tex/generic/iftex/ifvtex.sty))

! LaTeX Error: File `beramono.sty' not found.

Type X to quit or <RETURN> to proceed,
or enter new name. (Default extension: sty)

Enter file name: 
! Emergency stop.
<read *> 
         

Type X to quit or <RETURN> to proceed,
or enter new name. (Default extension: cls)

Enter file name: 
! Emergency stop.
<read *> 
         
l.7 ^^M
       
!  ==> Fatal error occurred, no output PDF file produced!
Transcript written on Ten_things_slides.log.
--- failed re-building ‘Ten_things_slides.Rnw’

SUMMARY: processing the following files failed:
  ‘ExtendingGenomicRanges.Rnw’ ‘GenomicRangesHOWTOs.Rnw’
  ‘GRanges_and_GRangesList_slides.Rnw’ ‘Ten_things_slides.Rnw’
---
Backtrace:
1. devtools::build_vignettes(pkg = ".")
2. callr::r(function(...) tools::buildVignettes(...), args = list(dir = pkg$p…
3. callr:::get_result(output = out, options)
4. callr:::throw(callr_remote_error(remerr, output), parent = fix_msg(remerr[[3]]))
---
Subprocess backtrace:
1. tools::buildVignettes(...)
2. base::stop(msg, domain = NA, call. = FALSE)
3. | base::.handleSimpleError(function (e) …
4. global h(simpleError(msg, call))
Execution halted
